Archive member included to satisfy reference by file (symbol)

C:/ST/STM32CubeIDE_1.13.1/STM32CubeIDE/plugins/com.st.stm32cube.ide.mcu.externaltools.gnu-tools-for-stm32.11.3.rel1.win32_1.1.0.202305231506/tools/bin/../lib/gcc/arm-none-eabi/11.3.1/../../../../arm-none-eabi/lib/thumb/v7e-m+fp/hard\libc_nano.a(libc_a-exit.o)
                              C:/ST/STM32CubeIDE_1.13.1/STM32CubeIDE/plugins/com.st.stm32cube.ide.mcu.externaltools.gnu-tools-for-stm32.11.3.rel1.win32_1.1.0.202305231506/tools/bin/../lib/gcc/arm-none-eabi/11.3.1/../../../../arm-none-eabi/lib/thumb/v7e-m+fp/hard/crt0.o (exit)
C:/ST/STM32CubeIDE_1.13.1/STM32CubeIDE/plugins/com.st.stm32cube.ide.mcu.externaltools.gnu-tools-for-stm32.11.3.rel1.win32_1.1.0.202305231506/tools/bin/../lib/gcc/arm-none-eabi/11.3.1/../../../../arm-none-eabi/lib/thumb/v7e-m+fp/hard\libc_nano.a(libc_a-findfp.o)
                              C:/ST/STM32CubeIDE_1.13.1/STM32CubeIDE/plugins/com.st.stm32cube.ide.mcu.externaltools.gnu-tools-for-stm32.11.3.rel1.win32_1.1.0.202305231506/tools/bin/../lib/gcc/arm-none-eabi/11.3.1/../../../../arm-none-eabi/lib/thumb/v7e-m+fp/hard\libc_nano.a(libc_a-exit.o) (__stdio_exit_handler)
C:/ST/STM32CubeIDE_1.13.1/STM32CubeIDE/plugins/com.st.stm32cube.ide.mcu.externaltools.gnu-tools-for-stm32.11.3.rel1.win32_1.1.0.202305231506/tools/bin/../lib/gcc/arm-none-eabi/11.3.1/../../../../arm-none-eabi/lib/thumb/v7e-m+fp/hard\libc_nano.a(libc_a-fwalk.o)
                              C:/ST/STM32CubeIDE_1.13.1/STM32CubeIDE/plugins/com.st.stm32cube.ide.mcu.externaltools.gnu-tools-for-stm32.11.3.rel1.win32_1.1.0.202305231506/tools/bin/../lib/gcc/arm-none-eabi/11.3.1/../../../../arm-none-eabi/lib/thumb/v7e-m+fp/hard\libc_nano.a(libc_a-findfp.o) (_fwalk_sglue)
C:/ST/STM32CubeIDE_1.13.1/STM32CubeIDE/plugins/com.st.stm32cube.ide.mcu.externaltools.gnu-tools-for-stm32.11.3.rel1.win32_1.1.0.202305231506/tools/bin/../lib/gcc/arm-none-eabi/11.3.1/../../../../arm-none-eabi/lib/thumb/v7e-m+fp/hard\libc_nano.a(libc_a-stdio.o)
                              C:/ST/STM32CubeIDE_1.13.1/STM32CubeIDE/plugins/com.st.stm32cube.ide.mcu.externaltools.gnu-tools-for-stm32.11.3.rel1.win32_1.1.0.202305231506/tools/bin/../lib/gcc/arm-none-eabi/11.3.1/../../../../arm-none-eabi/lib/thumb/v7e-m+fp/hard\libc_nano.a(libc_a-findfp.o) (__sread)
C:/ST/STM32CubeIDE_1.13.1/STM32CubeIDE/plugins/com.st.stm32cube.ide.mcu.externaltools.gnu-tools-for-stm32.11.3.rel1.win32_1.1.0.202305231506/tools/bin/../lib/gcc/arm-none-eabi/11.3.1/../../../../arm-none-eabi/lib/thumb/v7e-m+fp/hard\libc_nano.a(libc_a-memset.o)
                              C:/ST/STM32CubeIDE_1.13.1/STM32CubeIDE/plugins/com.st.stm32cube.ide.mcu.externaltools.gnu-tools-for-stm32.11.3.rel1.win32_1.1.0.202305231506/tools/bin/../lib/gcc/arm-none-eabi/11.3.1/../../../../arm-none-eabi/lib/thumb/v7e-m+fp/hard/crt0.o (memset)
C:/ST/STM32CubeIDE_1.13.1/STM32CubeIDE/plugins/com.st.stm32cube.ide.mcu.externaltools.gnu-tools-for-stm32.11.3.rel1.win32_1.1.0.202305231506/tools/bin/../lib/gcc/arm-none-eabi/11.3.1/../../../../arm-none-eabi/lib/thumb/v7e-m+fp/hard\libc_nano.a(libc_a-closer.o)
                              C:/ST/STM32CubeIDE_1.13.1/STM32CubeIDE/plugins/com.st.stm32cube.ide.mcu.externaltools.gnu-tools-for-stm32.11.3.rel1.win32_1.1.0.202305231506/tools/bin/../lib/gcc/arm-none-eabi/11.3.1/../../../../arm-none-eabi/lib/thumb/v7e-m+fp/hard\libc_nano.a(libc_a-stdio.o) (_close_r)
C:/ST/STM32CubeIDE_1.13.1/STM32CubeIDE/plugins/com.st.stm32cube.ide.mcu.externaltools.gnu-tools-for-stm32.11.3.rel1.win32_1.1.0.202305231506/tools/bin/../lib/gcc/arm-none-eabi/11.3.1/../../../../arm-none-eabi/lib/thumb/v7e-m+fp/hard\libc_nano.a(libc_a-reent.o)
                              C:/ST/STM32CubeIDE_1.13.1/STM32CubeIDE/plugins/com.st.stm32cube.ide.mcu.externaltools.gnu-tools-for-stm32.11.3.rel1.win32_1.1.0.202305231506/tools/bin/../lib/gcc/arm-none-eabi/11.3.1/../../../../arm-none-eabi/lib/thumb/v7e-m+fp/hard\libc_nano.a(libc_a-closer.o) (errno)
C:/ST/STM32CubeIDE_1.13.1/STM32CubeIDE/plugins/com.st.stm32cube.ide.mcu.externaltools.gnu-tools-for-stm32.11.3.rel1.win32_1.1.0.202305231506/tools/bin/../lib/gcc/arm-none-eabi/11.3.1/../../../../arm-none-eabi/lib/thumb/v7e-m+fp/hard\libc_nano.a(libc_a-impure.o)
                              C:/ST/STM32CubeIDE_1.13.1/STM32CubeIDE/plugins/com.st.stm32cube.ide.mcu.externaltools.gnu-tools-for-stm32.11.3.rel1.win32_1.1.0.202305231506/tools/bin/../lib/gcc/arm-none-eabi/11.3.1/../../../../arm-none-eabi/lib/thumb/v7e-m+fp/hard\libc_nano.a(libc_a-reent.o) (_impure_ptr)
C:/ST/STM32CubeIDE_1.13.1/STM32CubeIDE/plugins/com.st.stm32cube.ide.mcu.externaltools.gnu-tools-for-stm32.11.3.rel1.win32_1.1.0.202305231506/tools/bin/../lib/gcc/arm-none-eabi/11.3.1/../../../../arm-none-eabi/lib/thumb/v7e-m+fp/hard\libc_nano.a(libc_a-lseekr.o)
[...]
Memory Configuration

Name             Origin             Length             Attributes
CCMRAM           0x0000000010000000 0x0000000000001000 xrw
RAM              0x0000000020000000 0x0000000000003000 xrw
FLASH            0x0000000008000000 0x0000000000010000 xr
*default*        0x0000000000000000 0xffffffffffffffff

Linker script and memory map

LOAD C:/ST/STM32CubeIDE_1.13.1/STM32CubeIDE/plugins/com.st.stm32cube.ide.mcu.externaltools.gnu-tools-for-stm32.11.3.rel1.win32_1.1.0.202305231506/tools/bin/../lib/gcc/arm-none-eabi/11.3.1/thumb/v7e-m+fp/hard/crti.o
LOAD C:/ST/STM32CubeIDE_1.13.1/STM32CubeIDE/plugins/com.st.stm32cube.ide.mcu.externaltools.gnu-tools-for-stm32.11.3.rel1.win32_1.1.0.202305231506/tools/bin/../lib/gcc/arm-none-eabi/11.3.1/thumb/v7e-m+fp/hard/crtbegin.o
LOAD C:/ST/STM32CubeIDE_1.13.1/STM32CubeIDE/plugins/com.st.stm32cube.ide.mcu.externaltools.gnu-tools-for-stm32.11.3.rel1.win32_1.1.0.202305231506/tools/bin/../lib/gcc/arm-none-eabi/11.3.1/../../../../arm-none-eabi/lib/thumb/v7e-m+fp/hard/crt0.o
LOAD ./Core/Src/gpio.o
LOAD ./Core/Src/main.o
LOAD ./Core/Src/stm32f3xx_it.o
LOAD ./Core/Src/syscalls.o
LOAD ./Core/Src/sysmem.o
LOAD ./Core/Src/system_stm32f3xx.o
LOAD ./Core/Startup/startup_stm32f303k8tx.o
LOAD ./Drivers/STM32F3xx_HAL_Driver/Src/stm32f3xx_ll_exti.o
LOAD ./Drivers/STM32F3xx_HAL_Driver/Src/stm32f3xx_ll_gpio.o
LOAD ./Drivers/STM32F3xx_HAL_Driver/Src/stm32f3xx_ll_rcc.o
LOAD ./Drivers/STM32F3xx_HAL_Driver/Src/stm32f3xx_ll_utils.o
START GROUP
LOAD C:/ST/STM32CubeIDE_1.13.1/STM32CubeIDE/plugins/com.st.stm32cube.ide.mcu.externaltools.gnu-tools-for-stm32.11.3.rel1.win32_1.1.0.202305231506/tools/bin/../lib/gcc/arm-none-eabi/11.3.1/../../../../arm-none-eabi/lib/thumb/v7e-m+fp/hard\libc_nano.a
LOAD C:/ST/STM32CubeIDE_1.13.1/STM32CubeIDE/plugins/com.st.stm32cube.ide.mcu.externaltools.gnu-tools-for-stm32.11.3.rel1.win32_1.1.0.202305231506/tools/bin/../lib/gcc/arm-none-eabi/11.3.1/../../../../arm-none-eabi/lib/thumb/v7e-m+fp/hard\libm.a
END GROUP
START GROUP
LOAD C:/ST/STM32CubeIDE_1.13.1/STM32CubeIDE/plugins/com.st.stm32cube.ide.mcu.externaltools.gnu-tools-for-stm32.11.3.rel1.win32_1.1.0.202305231506/tools/bin/../lib/gcc/arm-none-eabi/11.3.1/thumb/v7e-m+fp/hard\libgcc.a
LOAD C:/ST/STM32CubeIDE_1.13.1/STM32CubeIDE/plugins/com.st.stm32cube.ide.mcu.externaltools.gnu-tools-for-stm32.11.3.rel1.win32_1.1.0.202305231506/tools/bin/../lib/gcc/arm-none-eabi/11.3.1/../../../../arm-none-eabi/lib/thumb/v7e-m+fp/hard\libc_nano.a
END GROUP
START GROUP
LOAD C:/ST/STM32CubeIDE_1.13.1/STM32CubeIDE/plugins/com.st.stm32cube.ide.mcu.externaltools.gnu-tools-for-stm32.11.3.rel1.win32_1.1.0.202305231506/tools/bin/../lib/gcc/arm-none-eabi/11.3.1/thumb/v7e-m+fp/hard\libgcc.a
LOAD C:/ST/STM32CubeIDE_1.13.1/STM32CubeIDE/plugins/com.st.stm32cube.ide.mcu.externaltools.gnu-tools-for-stm32.11.3.rel1.win32_1.1.0.202305231506/tools/bin/../lib/gcc/arm-none-eabi/11.3.1/../../../../arm-none-eabi/lib/thumb/v7e-m+fp/hard\libc_nano.a
LOAD C:/ST/STM32CubeIDE_1.13.1/STM32CubeIDE/plugins/com.st.stm32cube.ide.mcu.externaltools.gnu-tools-for-stm32.11.3.rel1.win32_1.1.0.202305231506/tools/bin/../lib/gcc/arm-none-eabi/11.3.1/../../../../arm-none-eabi/lib/thumb/v7e-m+fp/hard\libnosys.a
END GROUP
START GROUP
LOAD C:/ST/STM32CubeIDE_1.13.1/STM32CubeIDE/plugins/com.st.stm32cube.ide.mcu.externaltools.gnu-tools-for-stm32.11.3.rel1.win32_1.1.0.202305231506/tools/bin/../lib/gcc/arm-none-eabi/11.3.1/thumb/v7e-m+fp/hard\libgcc.a
LOAD C:/ST/STM32CubeIDE_1.13.1/STM32CubeIDE/plugins/com.st.stm32cube.ide.mcu.externaltools.gnu-tools-for-stm32.11.3.rel1.win32_1.1.0.202305231506/tools/bin/../lib/gcc/arm-none-eabi/11.3.1/../../../../arm-none-eabi/lib/thumb/v7e-m+fp/hard\libc_nano.a
LOAD C:/ST/STM32CubeIDE_1.13.1/STM32CubeIDE/plugins/com.st.stm32cube.ide.mcu.externaltools.gnu-tools-for-stm32.11.3.rel1.win32_1.1.0.202305231506/tools/bin/../lib/gcc/arm-none-eabi/11.3.1/../../../../arm-none-eabi/lib/thumb/v7e-m+fp/hard\libnosys.a
END GROUP
LOAD C:/ST/STM32CubeIDE_1.13.1/STM32CubeIDE/plugins/com.st.stm32cube.ide.mcu.externaltools.gnu-tools-for-stm32.11.3.rel1.win32_1.1.0.202305231506/tools/bin/../lib/gcc/arm-none-eabi/11.3.1/thumb/v7e-m+fp/hard/crtend.o
LOAD C:/ST/STM32CubeIDE_1.13.1/STM32CubeIDE/plugins/com.st.stm32cube.ide.mcu.externaltools.gnu-tools-for-stm32.11.3.rel1.win32_1.1.0.202305231506/tools/bin/../lib/gcc/arm-none-eabi/11.3.1/thumb/v7e-m+fp/hard/crtn.o
                0x0000000020003000                _estack = (ORIGIN (RAM) + LENGTH (RAM))
                0x0000000000000200                _Min_Heap_Size = 0x200
                0x0000000000000400                _Min_Stack_Size = 0x400

.isr_vector     0x0000000008000000      0x188
                0x0000000008000000                . = ALIGN (0x4)
 *(.isr_vector)
 .isr_vector    0x0000000008000000      0x188 ./Core/Startup/startup_stm32f303k8tx.o
                0x0000000008000000                g_pfnVectors
                0x0000000008000188                . = ALIGN (0x4)

.text           0x0000000008000188     0x1198
                0x0000000008000188                . = ALIGN (0x4)
 *(.text)
 .text          0x0000000008000188       0x40 C:/ST/STM32CubeIDE_1.13.1/STM32CubeIDE/plugins/com.st.stm32cube.ide.mcu.externaltools.gnu-tools-for-stm32.11.3.rel1.win32_1.1.0.202305231506/tools/bin/../lib/gcc/arm-none-eabi/11.3.1/thumb/v7e-m+fp/hard/crtbegin.o
 *(.text*)
 .text.__NVIC_GetPriorityGrouping
                0x00000000080001c8       0x1c ./Core/Src/gpio.o
 .text.__NVIC_EnableIRQ
                0x00000000080001e4       0x3c ./Core/Src/gpio.o
 .text.__NVIC_SetPriority
                0x0000000008000220       0x54 ./Core/Src/gpio.o
 .text.NVIC_EncodePriority
                0x0000000008000274       0x66 ./Core/Src/gpio.o
 *fill*         0x00000000080002da        0x2 
 .text.LL_AHB1_GRP1_EnableClock
                0x00000000080002dc       0x30 ./Core/Src/gpio.o
 .text.LL_SYSCFG_SetEXTISource
                0x000000000800030c       0x60 ./Core/Src/gpio.o
 .text.LL_GPIO_SetPinMode
                0x000000000800036c       0x5e ./Core/Src/gpio.o
 .text.LL_GPIO_SetPinPull
                0x00000000080003ca       0x5e ./Core/Src/gpio.o
 .text.LL_GPIO_ResetOutputPin
                0x0000000008000428       0x1c ./Core/Src/gpio.o
 .text.MX_GPIO_Init
                0x0000000008000444       0xc2 ./Core/Src/gpio.o
                0x0000000008000444                MX_GPIO_Init
 *fill*         0x0000000008000506        0x2 
 .text.__NVIC_SetPriorityGrouping
                0x0000000008000508       0x48 ./Core/Src/main.o
 .text.__NVIC_GetPriorityGrouping
                0x0000000008000550       0x1c ./Core/Src/main.o
 .text.__NVIC_SetPriority
                0x000000000800056c       0x54 ./Core/Src/main.o
 .text.NVIC_EncodePriority
                0x00000000080005c0       0x66 ./Core/Src/main.o
 *fill*         0x0000000008000626        0x2 
 .text.LL_RCC_HSI_Enable
                0x0000000008000628       0x20 ./Core/Src/main.o
 .text.LL_RCC_HSI_IsReady
                0x0000000008000648       0x24 ./Core/Src/main.o
 .text.LL_RCC_HSI_SetCalibTrimming
                0x000000000800066c       0x2c ./Core/Src/main.o
 .text.LL_RCC_SetSysClkSource
                0x0000000008000698       0x28 ./Core/Src/main.o
 .text.LL_RCC_GetSysClkSource
                0x00000000080006c0       0x1c ./Core/Src/main.o
 .text.LL_RCC_SetAHBPrescaler
                0x00000000080006dc       0x28 ./Core/Src/main.o
 .text.LL_RCC_SetAPB1Prescaler
                0x0000000008000704       0x28 ./Core/Src/main.o
 .text.LL_RCC_SetAPB2Prescaler
                0x000000000800072c       0x28 ./Core/Src/main.o
 .text.LL_APB1_GRP1_EnableClock
                0x0000000008000754       0x30 ./Core/Src/main.o
 .text.LL_APB2_GRP1_EnableClock
                0x0000000008000784       0x30 ./Core/Src/main.o
 .text.LL_FLASH_SetLatency
                0x00000000080007b4       0x28 ./Core/Src/main.o
 .text.LL_FLASH_GetLatency
                0x00000000080007dc       0x1c ./Core/Src/main.o
 .text.LL_EXTI_IsActiveFlag_0_31
                0x00000000080007f8       0x2c ./Core/Src/main.o
 .text.LL_EXTI_ClearFlag_0_31
                0x0000000008000824       0x20 ./Core/Src/main.o
 .text.main     0x0000000008000844       0x88 ./Core/Src/main.o
                0x0000000008000844                main
 .text.EXTI3_IRQHandler
                0x00000000080008cc       0x60 ./Core/Src/main.o
                0x00000000080008cc                EXTI3_IRQHandler
 .text.SystemClock_Config
                0x000000000800092c       0x64 ./Core/Src/main.o
                0x000000000800092c                SystemClock_Config
 .text.edgeDetect
                0x0000000008000990       0x78 ./Core/Src/main.o
                0x0000000008000990                edgeDetect
 .text.NMI_Handler
                0x0000000008000a08        0x6 ./Core/Src/stm32f3xx_it.o
                0x0000000008000a08                NMI_Handler
 .text.HardFault_Handler
                0x0000000008000a0e        0x6 ./Core/Src/stm32f3xx_it.o
                0x0000000008000a0e                HardFault_Handler
 .text.MemManage_Handler
                0x0000000008000a14        0x6 ./Core/Src/stm32f3xx_it.o
                0x0000000008000a14                MemManage_Handler
 .text.BusFault_Handler
                0x0000000008000a1a        0x6 ./Core/Src/stm32f3xx_it.o
                0x0000000008000a1a                BusFault_Handler
 .text.UsageFault_Handler
                0x0000000008000a20        0x6 ./Core/Src/stm32f3xx_it.o
                0x0000000008000a20                UsageFault_Handler
 .text.SVC_Handler
                0x0000000008000a26        0xe ./Core/Src/stm32f3xx_it.o
                0x0000000008000a26                SVC_Handler
 .text.DebugMon_Handler
                0x0000000008000a34        0xe ./Core/Src/stm32f3xx_it.o
                0x0000000008000a34                DebugMon_Handler
 .text.PendSV_Handler
                0x0000000008000a42        0xe ./Core/Src/stm32f3xx_it.o
                0x0000000008000a42                PendSV_Handler
 .text.SysTick_Handler
                0x0000000008000a50        0xe ./Core/Src/stm32f3xx_it.o
                0x0000000008000a50                SysTick_Handler
 *fill*         0x0000000008000a5e        0x2 
 .text.SystemInit
                0x0000000008000a60       0x24 ./Core/Src/system_stm32f3xx.o
                0x0000000008000a60                SystemInit
 .text.Reset_Handler
                0x0000000008000a84       0x50 ./Core/Startup/startup_stm32f303k8tx.o
                0x0000000008000a84                Reset_Handler
 .text.Default_Handler
                0x0000000008000ad4        0x2 ./Core/Startup/startup_stm32f303k8tx.o
                0x0000000008000ad4                RTC_Alarm_IRQHandler
                0x0000000008000ad4                TIM1_CC_IRQHandler
                0x0000000008000ad4                PVD_IRQHandler
                0x0000000008000ad4                TAMP_STAMP_IRQHandler
                0x0000000008000ad4                EXTI0_IRQHandler
                0x0000000008000ad4                FPU_IRQHandler
                0x0000000008000ad4                CAN_TX_IRQHandler
                0x0000000008000ad4                TIM1_UP_TIM16_IRQHandler
                0x0000000008000ad4                ADC1_2_IRQHandler
                0x0000000008000ad4                SPI1_IRQHandler
                0x0000000008000ad4                CAN_SCE_IRQHandler
                0x0000000008000ad4                DMA1_Channel4_IRQHandler
                0x0000000008000ad4                USART3_IRQHandler
                0x0000000008000ad4                DMA1_Channel7_IRQHandler
                0x0000000008000ad4                TIM7_DAC2_IRQHandler
                0x0000000008000ad4                CAN_RX1_IRQHandler
                0x0000000008000ad4                I2C1_EV_IRQHandler
                0x0000000008000ad4                DMA1_Channel6_IRQHandler
                0x0000000008000ad4                TIM3_IRQHandler
                0x0000000008000ad4                RCC_IRQHandler
                0x0000000008000ad4                DMA1_Channel1_IRQHandler
                0x0000000008000ad4                Default_Handler
                0x0000000008000ad4                EXTI15_10_IRQHandler
                0x0000000008000ad4                COMP2_IRQHandler
                0x0000000008000ad4                TIM6_DAC1_IRQHandler
                0x0000000008000ad4                EXTI9_5_IRQHandler
                0x0000000008000ad4                RTC_WKUP_IRQHandler
                0x0000000008000ad4                DMA1_Channel5_IRQHandler
                0x0000000008000ad4                EXTI4_IRQHandler
                0x0000000008000ad4                TIM1_TRG_COM_TIM17_IRQHandler
                0x0000000008000ad4                DMA1_Channel3_IRQHandler
                0x0000000008000ad4                WWDG_IRQHandler
                0x0000000008000ad4                TIM2_IRQHandler
                0x0000000008000ad4                EXTI1_IRQHandler
                0x0000000008000ad4                COMP4_6_IRQHandler
                0x0000000008000ad4                USART2_IRQHandler
                0x0000000008000ad4                DMA1_Channel2_IRQHandler
                0x0000000008000ad4                FLASH_IRQHandler
                0x0000000008000ad4                USART1_IRQHandler
                0x0000000008000ad4                CAN_RX0_IRQHandler
                0x0000000008000ad4                I2C1_ER_IRQHandler
                0x0000000008000ad4                EXTI2_TSC_IRQHandler
                0x0000000008000ad4                TIM1_BRK_TIM15_IRQHandler
 *fill*         0x0000000008000ad6        0x2 
 .text.LL_EXTI_EnableIT_0_31
                0x0000000008000ad8       0x24 ./Drivers/STM32F3xx_HAL_Driver/Src/stm32f3xx_ll_exti.o
 .text.LL_EXTI_EnableIT_32_63
                0x0000000008000afc       0x24 ./Drivers/STM32F3xx_HAL_Driver/Src/stm32f3xx_ll_exti.o
 .text.LL_EXTI_DisableIT_0_31
                0x0000000008000b20       0x28 ./Drivers/STM32F3xx_HAL_Driver/Src/stm32f3xx_ll_exti.o
 .text.LL_EXTI_DisableIT_32_63
                0x0000000008000b48       0x28 ./Drivers/STM32F3xx_HAL_Driver/Src/stm32f3xx_ll_exti.o
 .text.LL_EXTI_EnableEvent_0_31
                0x0000000008000b70       0x24 ./Drivers/STM32F3xx_HAL_Driver/Src/stm32f3xx_ll_exti.o
 .text.LL_EXTI_EnableEvent_32_63
                0x0000000008000b94       0x24 ./Drivers/STM32F3xx_HAL_Driver/Src/stm32f3xx_ll_exti.o
 .text.LL_EXTI_DisableEvent_0_31
                0x0000000008000bb8       0x28 ./Drivers/STM32F3xx_HAL_Driver/Src/stm32f3xx_ll_exti.o
 .text.LL_EXTI_DisableEvent_32_63
                0x0000000008000be0       0x28 ./Drivers/STM32F3xx_HAL_Driver/Src/stm32f3xx_ll_exti.o
 .text.LL_EXTI_EnableRisingTrig_0_31
                0x0000000008000c08       0x24 ./Drivers/STM32F3xx_HAL_Driver/Src/stm32f3xx_ll_exti.o
 .text.LL_EXTI_EnableRisingTrig_32_63
                0x0000000008000c2c       0x24 ./Drivers/STM32F3xx_HAL_Driver/Src/stm32f3xx_ll_exti.o
 .text.LL_EXTI_DisableRisingTrig_0_31
                0x0000000008000c50       0x28 ./Drivers/STM32F3xx_HAL_Driver/Src/stm32f3xx_ll_exti.o
 .text.LL_EXTI_DisableRisingTrig_32_63
                0x0000000008000c78       0x28 ./Drivers/STM32F3xx_HAL_Driver/Src/stm32f3xx_ll_exti.o
 .text.LL_EXTI_EnableFallingTrig_0_31
                0x0000000008000ca0       0x24 ./Drivers/STM32F3xx_HAL_Driver/Src/stm32f3xx_ll_exti.o
 .text.LL_EXTI_EnableFallingTrig_32_63
                0x0000000008000cc4       0x24 ./Drivers/STM32F3xx_HAL_Driver/Src/stm32f3xx_ll_exti.o
 .text.LL_EXTI_DisableFallingTrig_0_31
                0x0000000008000ce8       0x28 ./Drivers/STM32F3xx_HAL_Driver/Src/stm32f3xx_ll_exti.o
 .text.LL_EXTI_DisableFallingTrig_32_63
                0x0000000008000d10       0x28 ./Drivers/STM32F3xx_HAL_Driver/Src/stm32f3xx_ll_exti.o
 .text.LL_EXTI_Init
                0x0000000008000d38      0x1e0 ./Drivers/STM32F3xx_HAL_Driver/Src/stm32f3xx_ll_exti.o
                0x0000000008000d38                LL_EXTI_Init
 .text.LL_GPIO_SetPinMode
                0x0000000008000f18       0x5e ./Drivers/STM32F3xx_HAL_Driver/Src/stm32f3xx_ll_gpio.o
 .text.LL_GPIO_SetPinOutputType
                0x0000000008000f76       0x30 ./Drivers/STM32F3xx_HAL_Driver/Src/stm32f3xx_ll_gpio.o
 .text.LL_GPIO_SetPinSpeed
                0x0000000008000fa6       0x5e ./Drivers/STM32F3xx_HAL_Driver/Src/stm32f3xx_ll_gpio.o
 .text.LL_GPIO_SetPinPull
                0x0000000008001004       0x5e ./Drivers/STM32F3xx_HAL_Driver/Src/stm32f3xx_ll_gpio.o
 .text.LL_GPIO_SetAFPin_0_7
                0x0000000008001062       0x5e ./Drivers/STM32F3xx_HAL_Driver/Src/stm32f3xx_ll_gpio.o
 .text.LL_GPIO_SetAFPin_8_15
                0x00000000080010c0       0x62 ./Drivers/STM32F3xx_HAL_Driver/Src/stm32f3xx_ll_gpio.o
 .text.LL_GPIO_Init
                0x0000000008001122       0xe0 ./Drivers/STM32F3xx_HAL_Driver/Src/stm32f3xx_ll_gpio.o
                0x0000000008001122                LL_GPIO_Init
 *fill*         0x0000000008001202        0x2 
 .text.LL_InitTick
                0x0000000008001204       0x34 ./Drivers/STM32F3xx_HAL_Driver/Src/stm32f3xx_ll_utils.o
 .text.LL_Init1msTick
                0x0000000008001238       0x1a ./Drivers/STM32F3xx_HAL_Driver/Src/stm32f3xx_ll_utils.o
                0x0000000008001238                LL_Init1msTick
 *fill*         0x0000000008001252        0x2 
 .text.LL_mDelay
                0x0000000008001254       0x4c ./Drivers/STM32F3xx_HAL_Driver/Src/stm32f3xx_ll_utils.o
                0x0000000008001254                LL_mDelay
 .text.LL_SetSystemCoreClock
                0x00000000080012a0       0x20 ./Drivers/STM32F3xx_HAL_Driver/Src/stm32f3xx_ll_utils.o
                0x00000000080012a0                LL_SetSystemCoreClock
 .text.__libc_init_array
                0x00000000080012c0       0x48 C:/ST/STM32CubeIDE_1.13.1/STM32CubeIDE/plugins/com.st.stm32cube.ide.mcu.externaltools.gnu-tools-for-stm32.11.3.rel1.win32_1.1.0.202305231506/tools/bin/../lib/gcc/arm-none-eabi/11.3.1/../../../../arm-none-eabi/lib/thumb/v7e-m+fp/hard\libc_nano.a(libc_a-init.o)
                0x00000000080012c0                __libc_init_array
 *(.glue_7)
 .glue_7        0x0000000008001308        0x0 linker stubs
 *(.glue_7t)
 .glue_7t       0x0000000008001308        0x0 linker stubs
 *(.eh_frame)
 .eh_frame      0x0000000008001308        0x0 C:/ST/STM32CubeIDE_1.13.1/STM32CubeIDE/plugins/com.st.stm32cube.ide.mcu.externaltools.gnu-tools-for-stm32.11.3.rel1.win32_1.1.0.202305231506/tools/bin/../lib/gcc/arm-none-eabi/11.3.1/thumb/v7e-m+fp/hard/crtbegin.o
 *(.init)
 .init          0x0000000008001308        0x4 C:/ST/STM32CubeIDE_1.13.1/STM32CubeIDE/plugins/com.st.stm32cube.ide.mcu.externaltools.gnu-tools-for-stm32.11.3.rel1.win32_1.1.0.202305231506/tools/bin/../lib/gcc/arm-none-eabi/11.3.1/thumb/v7e-m+fp/hard/crti.o
                0x0000000008001308                _init
 .init          0x000000000800130c        0x8 C:/ST/STM32CubeIDE_1.13.1/STM32CubeIDE/plugins/com.st.stm32cube.ide.mcu.externaltools.gnu-tools-for-stm32.11.3.rel1.win32_1.1.0.202305231506/tools/bin/../lib/gcc/arm-none-eabi/11.3.1/thumb/v7e-m+fp/hard/crtn.o
 *(.fini)
 .fini          0x0000000008001314        0x4 C:/ST/STM32CubeIDE_1.13.1/STM32CubeIDE/plugins/com.st.stm32cube.ide.mcu.externaltools.gnu-tools-for-stm32.11.3.rel1.win32_1.1.0.202305231506/tools/bin/../lib/gcc/arm-none-eabi/11.3.1/thumb/v7e-m+fp/hard/crti.o
                0x0000000008001314                _fini
 .fini          0x0000000008001318        0x8 C:/ST/STM32CubeIDE_1.13.1/STM32CubeIDE/plugins/com.st.stm32cube.ide.mcu.externaltools.gnu-tools-for-stm32.11.3.rel1.win32_1.1.0.202305231506/tools/bin/../lib/gcc/arm-none-eabi/11.3.1/thumb/v7e-m+fp/hard/crtn.o
                0x0000000008001320                . = ALIGN (0x4)
                0x0000000008001320                _etext = .

.vfp11_veneer   0x0000000008001320        0x0
 .vfp11_veneer  0x0000000008001320        0x0 linker stubs

.v4_bx          0x0000000008001320        0x0
 .v4_bx         0x0000000008001320        0x0 linker stubs

.iplt           0x0000000008001320        0x0
 .iplt          0x0000000008001320        0x0 C:/ST/STM32CubeIDE_1.13.1/STM32CubeIDE/plugins/com.st.stm32cube.ide.mcu.externaltools.gnu-tools-for-stm32.11.3.rel1.win32_1.1.0.202305231506/tools/bin/../lib/gcc/arm-none-eabi/11.3.1/thumb/v7e-m+fp/hard/crtbegin.o

.rel.dyn        0x0000000008001320        0x0
 .rel.iplt      0x0000000008001320        0x0 C:/ST/STM32CubeIDE_1.13.1/STM32CubeIDE/plugins/com.st.stm32cube.ide.mcu.externaltools.gnu-tools-for-stm32.11.3.rel1.win32_1.1.0.202305231506/tools/bin/../lib/gcc/arm-none-eabi/11.3.1/thumb/v7e-m+fp/hard/crtbegin.o

.rodata         0x0000000008001320        0x0
                0x0000000008001320                . = ALIGN (0x4)
 *(.rodata)
 *(.rodata*)
                0x0000000008001320                . = ALIGN (0x4)

.ARM.extab      0x0000000008001320        0x0
                0x0000000008001320                . = ALIGN (0x4)
 *(.ARM.extab* .gnu.linkonce.armextab.*)
                0x0000000008001320                . = ALIGN (0x4)

.ARM            0x0000000008001320        0x0
                0x0000000008001320                . = ALIGN (0x4)
                0x0000000008001320                __exidx_start = .
 *(.ARM.exidx*)
                0x0000000008001320                __exidx_end = .
                0x0000000008001320                . = ALIGN (0x4)

.preinit_array  0x0000000008001320        0x0
                0x0000000008001320                . = ALIGN (0x4)
                0x0000000008001320                PROVIDE (__preinit_array_start = .)
 *(.preinit_array*)
                0x0000000008001320                PROVIDE (__preinit_array_end = .)
                0x0000000008001320                . = ALIGN (0x4)

.init_array     0x0000000008001320        0x4
                0x0000000008001320                . = ALIGN (0x4)
                0x0000000008001320                PROVIDE (__init_array_start = .)
 *(SORT_BY_NAME(.init_array.*))
 *(.init_array*)
 .init_array    0x0000000008001320        0x4 C:/ST/STM32CubeIDE_1.13.1/STM32CubeIDE/plugins/com.st.stm32cube.ide.mcu.externaltools.gnu-tools-for-stm32.11.3.rel1.win32_1.1.0.202305231506/tools/bin/../lib/gcc/arm-none-eabi/11.3.1/thumb/v7e-m+fp/hard/crtbegin.o
                0x0000000008001324                PROVIDE (__init_array_end = .)
                0x0000000008001324                . = ALIGN (0x4)

.fini_array     0x0000000008001324        0x4
                0x0000000008001324                . = ALIGN (0x4)
                [!provide]                        PROVIDE (__fini_array_start = .)
 *(SORT_BY_NAME(.fini_array.*))
 *(.fini_array*)
 .fini_array    0x0000000008001324        0x4 C:/ST/STM32CubeIDE_1.13.1/STM32CubeIDE/plugins/com.st.stm32cube.ide.mcu.externaltools.gnu-tools-for-stm32.11.3.rel1.win32_1.1.0.202305231506/tools/bin/../lib/gcc/arm-none-eabi/11.3.1/thumb/v7e-m+fp/hard/crtbegin.o
                [!provide]                        PROVIDE (__fini_array_end = .)
                0x0000000008001328                . = ALIGN (0x4)
                0x0000000008001328                _sidata = LOADADDR (.data)

.data           0x0000000020000000        0x8 load address 0x0000000008001328
                0x0000000020000000                . = ALIGN (0x4)
                0x0000000020000000                _sdata = .
 *(.data)
 *(.data*)
 .data.edge     0x0000000020000000        0x1 ./Core/Src/main.o
                0x0000000020000000                edge
 .data.previous_state
                0x0000000020000001        0x1 ./Core/Src/main.o
                0x0000000020000001                previous_state
 *fill*         0x0000000020000002        0x2 
 .data.SystemCoreClock
                0x0000000020000004        0x4 ./Core/Src/system_stm32f3xx.o
                0x0000000020000004                SystemCoreClock
 *(.RamFunc)
 *(.RamFunc*)
                0x0000000020000008                . = ALIGN (0x4)
                0x0000000020000008                _edata = .
                0x0000000008001330                _siccmram = LOADADDR (.ccmram)

.igot.plt       0x0000000020000008        0x0 load address 0x0000000008001330
 .igot.plt      0x0000000020000008        0x0 C:/ST/STM32CubeIDE_1.13.1/STM32CubeIDE/plugins/com.st.stm32cube.ide.mcu.externaltools.gnu-tools-for-stm32.11.3.rel1.win32_1.1.0.202305231506/tools/bin/../lib/gcc/arm-none-eabi/11.3.1/thumb/v7e-m+fp/hard/crtbegin.o

.ccmram         0x0000000010000000        0x0 load address 0x0000000008001330
                0x0000000010000000                . = ALIGN (0x4)
                0x0000000010000000                _sccmram = .
 *(.ccmram)
 *(.ccmram*)
                0x0000000010000000                . = ALIGN (0x4)
                0x0000000010000000                _eccmram = .
                0x0000000010000000                . = ALIGN (0x4)

.bss            0x0000000020000008       0x20
                0x0000000020000008                _sbss = .
                0x0000000020000008                __bss_start__ = _sbss
 *(.bss)
 .bss           0x0000000020000008       0x1c C:/ST/STM32CubeIDE_1.13.1/STM32CubeIDE/plugins/com.st.stm32cube.ide.mcu.externaltools.gnu-tools-for-stm32.11.3.rel1.win32_1.1.0.202305231506/tools/bin/../lib/gcc/arm-none-eabi/11.3.1/thumb/v7e-m+fp/hard/crtbegin.o
 *(.bss*)
 .bss.count     0x0000000020000024        0x1 ./Core/Src/main.o
                0x0000000020000024                count
 .bss.toggle_led
                0x0000000020000025        0x1 ./Core/Src/main.o
                0x0000000020000025                toggle_led
 *(COMMON)
                0x0000000020000028                . = ALIGN (0x4)
 *fill*         0x0000000020000026        0x2 
                0x0000000020000028                _ebss = .
                0x0000000020000028                __bss_end__ = _ebss

._user_heap_stack
                0x0000000020000028      0x600
                0x0000000020000028                . = ALIGN (0x8)
                [!provide]                        PROVIDE (end = .)
                0x0000000020000028                PROVIDE (_end = .)
                0x0000000020000228                . = (. + _Min_Heap_Size)
 *fill*         0x0000000020000028      0x200 
                0x0000000020000628                . = (. + _Min_Stack_Size)
 *fill*         0x0000000020000228      0x400 
                0x0000000020000628                . = ALIGN (0x8)

/DISCARD/
 libc.a(*)
 libm.a(*)
 libgcc.a(*)

.ARM.attributes
                0x0000000000000000       0x30
 *(.ARM.attributes)
 .ARM.attributes
                0x0000000000000000       0x1e C:/ST/STM32CubeIDE_1.13.1/STM32CubeIDE/plugins/com.st.stm32cube.ide.mcu.externaltools.gnu-tools-for-stm32.11.3.rel1.win32_1.1.0.202305231506/tools/bin/../lib/gcc/arm-none-eabi/11.3.1/thumb/v7e-m+fp/hard/crti.o
 .ARM.attributes
                0x000000000000001e       0x34 C:/ST/STM32CubeIDE_1.13.1/STM32CubeIDE/plugins/com.st.stm32cube.ide.mcu.externaltools.gnu-tools-for-stm32.11.3.rel1.win32_1.1.0.202305231506/tools/bin/../lib/gcc/arm-none-eabi/11.3.1/thumb/v7e-m+fp/hard/crtbegin.o
 .ARM.attributes
                0x0000000000000052       0x34 ./Core/Src/gpio.o
 .ARM.attributes
                0x0000000000000086       0x34 ./Core/Src/main.o
 .ARM.attributes
                0x00000000000000ba       0x34 ./Core/Src/stm32f3xx_it.o
 .ARM.attributes
                0x00000000000000ee       0x34 ./Core/Src/system_stm32f3xx.o
 .ARM.attributes
                0x0000000000000122       0x21 ./Core/Startup/startup_stm32f303k8tx.o
 .ARM.attributes
                0x0000000000000143       0x34 ./Drivers/STM32F3xx_HAL_Driver/Src/stm32f3xx_ll_exti.o
 .ARM.attributes
                0x0000000000000177       0x34 ./Drivers/STM32F3xx_HAL_Driver/Src/stm32f3xx_ll_gpio.o
 .ARM.attributes
                0x00000000000001ab       0x34 ./Drivers/STM32F3xx_HAL_Driver/Src/stm32f3xx_ll_utils.o
 .ARM.attributes
                0x00000000000001df       0x34 C:/ST/STM32CubeIDE_1.13.1/STM32CubeIDE/plugins/com.st.stm32cube.ide.mcu.externaltools.gnu-tools-for-stm32.11.3.rel1.win32_1.1.0.202305231506/tools/bin/../lib/gcc/arm-none-eabi/11.3.1/../../../../arm-none-eabi/lib/thumb/v7e-m+fp/hard\libc_nano.a(libc_a-init.o)
 .ARM.attributes
                0x0000000000000213       0x1e C:/ST/STM32CubeIDE_1.13.1/STM32CubeIDE/plugins/com.st.stm32cube.ide.mcu.externaltools.gnu-tools-for-stm32.11.3.rel1.win32_1.1.0.202305231506/tools/bin/../lib/gcc/arm-none-eabi/11.3.1/thumb/v7e-m+fp/hard/crtn.o
OUTPUT(zadanie3_palenik.elf elf32-littlearm)
LOAD linker stubs
LOAD C:/ST/STM32CubeIDE_1.13.1/STM32CubeIDE/plugins/com.st.stm32cube.ide.mcu.externaltools.gnu-tools-for-stm32.11.3.rel1.win32_1.1.0.202305231506/tools/bin/../lib/gcc/arm-none-eabi/11.3.1/../../../../arm-none-eabi/lib/thumb/v7e-m+fp/hard\libc.a
LOAD C:/ST/STM32CubeIDE_1.13.1/STM32CubeIDE/plugins/com.st.stm32cube.ide.mcu.externaltools.gnu-tools-for-stm32.11.3.rel1.win32_1.1.0.202305231506/tools/bin/../lib/gcc/arm-none-eabi/11.3.1/../../../../arm-none-eabi/lib/thumb/v7e-m+fp/hard\libm.a
LOAD C:/ST/STM32CubeIDE_1.13.1/STM32CubeIDE/plugins/com.st.stm32cube.ide.mcu.externaltools.gnu-tools-for-stm32.11.3.rel1.win32_1.1.0.202305231506/tools/bin/../lib/gcc/arm-none-eabi/11.3.1/thumb/v7e-m+fp/hard\libgcc.a

.comment        0x0000000000000000       0x43
 .comment       0x0000000000000000       0x43 C:/ST/STM32CubeIDE_1.13.1/STM32CubeIDE/plugins/com.st.stm32cube.ide.mcu.externaltools.gnu-tools-for-stm32.11.3.rel1.win32_1.1.0.202305231506/tools/bin/../lib/gcc/arm-none-eabi/11.3.1/thumb/v7e-m+fp/hard/crtbegin.o
                                         0x44 (size before relaxing)
 .comment       0x0000000000000043       0x44 ./Core/Src/gpio.o
 .comment       0x0000000000000043       0x44 ./Core/Src/main.o
 .comment       0x0000000000000043       0x44 ./Core/Src/stm32f3xx_it.o
 .comment       0x0000000000000043       0x44 ./Core/Src/system_stm32f3xx.o
 .comment       0x0000000000000043       0x44 ./Drivers/STM32F3xx_HAL_Driver/Src/stm32f3xx_ll_exti.o
 .comment       0x0000000000000043       0x44 ./Drivers/STM32F3xx_HAL_Driver/Src/stm32f3xx_ll_gpio.o
 .comment       0x0000000000000043       0x44 ./Drivers/STM32F3xx_HAL_Driver/Src/stm32f3xx_ll_utils.o

.debug_info     0x0000000000000000     0x31d2
 .debug_info    0x0000000000000000      0xc33 ./Core/Src/gpio.o
 .debug_info    0x0000000000000c33      0xc75 ./Core/Src/main.o
 .debug_info    0x00000000000018a8      0x145 ./Core/Src/stm32f3xx_it.o
 .debug_info    0x00000000000019ed      0x400 ./Core/Src/system_stm32f3xx.o
 .debug_info    0x0000000000001ded       0x23 ./Core/Startup/startup_stm32f303k8tx.o
 .debug_info    0x0000000000001e10      0x4d8 ./Drivers/STM32F3xx_HAL_Driver/Src/stm32f3xx_ll_exti.o
 .debug_info    0x00000000000022e8      0x6e7 ./Drivers/STM32F3xx_HAL_Driver/Src/stm32f3xx_ll_gpio.o
 .debug_info    0x00000000000029cf      0x803 ./Drivers/STM32F3xx_HAL_Driver/Src/stm32f3xx_ll_utils.o

.debug_abbrev   0x0000000000000000      0xd04
 .debug_abbrev  0x0000000000000000      0x271 ./Core/Src/gpio.o
 .debug_abbrev  0x0000000000000271      0x288 ./Core/Src/main.o
 .debug_abbrev  0x00000000000004f9       0x80 ./Core/Src/stm32f3xx_it.o
 .debug_abbrev  0x0000000000000579      0x11a ./Core/Src/system_stm32f3xx.o
 .debug_abbrev  0x0000000000000693       0x12 ./Core/Startup/startup_stm32f303k8tx.o
 .debug_abbrev  0x00000000000006a5      0x188 ./Drivers/STM32F3xx_HAL_Driver/Src/stm32f3xx_ll_exti.o
 .debug_abbrev  0x000000000000082d      0x21e ./Drivers/STM32F3xx_HAL_Driver/Src/stm32f3xx_ll_gpio.o
 .debug_abbrev  0x0000000000000a4b      0x2b9 ./Drivers/STM32F3xx_HAL_Driver/Src/stm32f3xx_ll_utils.o

.debug_aranges  0x0000000000000000      0x3f8
 .debug_aranges
                0x0000000000000000       0x68 ./Core/Src/gpio.o
 .debug_aranges
                0x0000000000000068       0xd0 ./Core/Src/main.o
 .debug_aranges
                0x0000000000000138       0x60 ./Core/Src/stm32f3xx_it.o
 .debug_aranges
                0x0000000000000198       0x28 ./Core/Src/system_stm32f3xx.o
 .debug_aranges
                0x00000000000001c0       0x28 ./Core/Startup/startup_stm32f303k8tx.o
 .debug_aranges
                0x00000000000001e8       0xb0 ./Drivers/STM32F3xx_HAL_Driver/Src/stm32f3xx_ll_exti.o
 .debug_aranges
                0x0000000000000298       0x70 ./Drivers/STM32F3xx_HAL_Driver/Src/stm32f3xx_ll_gpio.o
 .debug_aranges
                0x0000000000000308       0xf0 ./Drivers/STM32F3xx_HAL_Driver/Src/stm32f3xx_ll_utils.o

.debug_rnglists
                0x0000000000000000      0x2db
 .debug_rnglists
                0x0000000000000000       0x4a ./Core/Src/gpio.o
 .debug_rnglists
                0x000000000000004a       0x98 ./Core/Src/main.o
 .debug_rnglists
                0x00000000000000e2       0x43 ./Core/Src/stm32f3xx_it.o
 .debug_rnglists
                0x0000000000000125       0x1a ./Core/Src/system_stm32f3xx.o
 .debug_rnglists
                0x000000000000013f       0x19 ./Core/Startup/startup_stm32f303k8tx.o
 .debug_rnglists
                0x0000000000000158       0x80 ./Drivers/STM32F3xx_HAL_Driver/Src/stm32f3xx_ll_exti.o
 .debug_rnglists
                0x00000000000001d8       0x51 ./Drivers/STM32F3xx_HAL_Driver/Src/stm32f3xx_ll_gpio.o
 .debug_rnglists
                0x0000000000000229       0xb2 ./Drivers/STM32F3xx_HAL_Driver/Src/stm32f3xx_ll_utils.o

.debug_macro    0x0000000000000000    0x143df
 .debug_macro   0x0000000000000000      0x12c ./Core/Src/gpio.o
 .debug_macro   0x000000000000012c      0xade ./Core/Src/gpio.o
 .debug_macro   0x0000000000000c0a       0x2e ./Core/Src/gpio.o
 .debug_macro   0x0000000000000c38       0x28 ./Core/Src/gpio.o
 .debug_macro   0x0000000000000c60       0x22 ./Core/Src/gpio.o
 .debug_macro   0x0000000000000c82       0x8e ./Core/Src/gpio.o
 .debug_macro   0x0000000000000d10       0x51 ./Core/Src/gpio.o
 .debug_macro   0x0000000000000d61      0x103 ./Core/Src/gpio.o
 .debug_macro   0x0000000000000e64       0x6a ./Core/Src/gpio.o
 .debug_macro   0x0000000000000ece      0x1df ./Core/Src/gpio.o
 .debug_macro   0x00000000000010ad       0x1c ./Core/Src/gpio.o
 .debug_macro   0x00000000000010c9       0x22 ./Core/Src/gpio.o
 .debug_macro   0x00000000000010eb       0xd9 ./Core/Src/gpio.o
 .debug_macro   0x00000000000011c4      0xf07 ./Core/Src/gpio.o
 .debug_macro   0x00000000000020cb    0x10be0 ./Core/Src/gpio.o
 .debug_macro   0x0000000000012cab       0x6d ./Core/Src/gpio.o
 .debug_macro   0x0000000000012d18      0x4bc ./Core/Src/gpio.o
 .debug_macro   0x00000000000131d4       0xe0 ./Core/Src/gpio.o
 .debug_macro   0x00000000000132b4      0x29f ./Core/Src/gpio.o
 .debug_macro   0x0000000000013553       0xfe ./Core/Src/gpio.o
 .debug_macro   0x0000000000013651       0x28 ./Core/Src/gpio.o
 .debug_macro   0x0000000000013679       0x30 ./Core/Src/gpio.o
 .debug_macro   0x00000000000136a9       0xa8 ./Core/Src/gpio.o
 .debug_macro   0x0000000000013751      0x287 ./Core/Src/gpio.o
 .debug_macro   0x00000000000139d8      0x142 ./Core/Src/gpio.o
 .debug_macro   0x0000000000013b1a       0x58 ./Core/Src/gpio.o
 .debug_macro   0x0000000000013b72      0x130 ./Core/Src/main.o
 .debug_macro   0x0000000000013ca2      0x12c ./Core/Src/stm32f3xx_it.o
 .debug_macro   0x0000000000013dce       0xbc ./Core/Src/system_stm32f3xx.o
 .debug_macro   0x0000000000013e8a       0xe9 ./Drivers/STM32F3xx_HAL_Driver/Src/stm32f3xx_ll_exti.o
 .debug_macro   0x0000000000013f73       0xf8 ./Drivers/STM32F3xx_HAL_Driver/Src/stm32f3xx_ll_exti.o
 .debug_macro   0x000000000001406b       0xfe ./Drivers/STM32F3xx_HAL_Driver/Src/stm32f3xx_ll_gpio.o
 .debug_macro   0x0000000000014169      0x13c ./Drivers/STM32F3xx_HAL_Driver/Src/stm32f3xx_ll_gpio.o
 .debug_macro   0x00000000000142a5      0x13a ./Drivers/STM32F3xx_HAL_Driver/Src/stm32f3xx_ll_utils.o

.debug_line     0x0000000000000000     0x3690
 .debug_line    0x0000000000000000      0x7d9 ./Core/Src/gpio.o
 .debug_line    0x00000000000007d9      0x981 ./Core/Src/main.o
 .debug_line    0x000000000000115a      0x69f ./Core/Src/stm32f3xx_it.o
 .debug_line    0x00000000000017f9      0x558 ./Core/Src/system_stm32f3xx.o
 .debug_line    0x0000000000001d51       0x7a ./Core/Startup/startup_stm32f303k8tx.o
 .debug_line    0x0000000000001dcb      0x779 ./Drivers/STM32F3xx_HAL_Driver/Src/stm32f3xx_ll_exti.o
 .debug_line    0x0000000000002544      0x7ba ./Drivers/STM32F3xx_HAL_Driver/Src/stm32f3xx_ll_gpio.o
 .debug_line    0x0000000000002cfe      0x992 ./Drivers/STM32F3xx_HAL_Driver/Src/stm32f3xx_ll_utils.o

.debug_str      0x0000000000000000    0x6de98
 .debug_str     0x0000000000000000    0x6c35f ./Core/Src/gpio.o
                                      0x6c5ef (size before relaxing)
 .debug_str     0x000000000006c35f      0x299 ./Core/Src/main.o
                                      0x6c6b1 (size before relaxing)
 .debug_str     0x000000000006c5f8       0xbd ./Core/Src/stm32f3xx_it.o
                                      0x6bf64 (size before relaxing)
 .debug_str     0x000000000006c6b5       0x7b ./Core/Src/system_stm32f3xx.o
                                      0x656d5 (size before relaxing)
 .debug_str     0x000000000006c730       0x34 ./Core/Startup/startup_stm32f303k8tx.o
                                         0x5c (size before relaxing)
 .debug_str     0x000000000006c764      0x450 ./Drivers/STM32F3xx_HAL_Driver/Src/stm32f3xx_ll_exti.o
                                      0x65fdd (size before relaxing)
 .debug_str     0x000000000006cbb4      0x5f3 ./Drivers/STM32F3xx_HAL_Driver/Src/stm32f3xx_ll_gpio.o
                                      0x66a0c (size before relaxing)
 .debug_str     0x000000000006d1a7      0xcf1 ./Drivers/STM32F3xx_HAL_Driver/Src/stm32f3xx_ll_utils.o
                                      0x6a6fc (size before relaxing)

.debug_frame    0x0000000000000000      0xf04
 .debug_frame   0x0000000000000000      0x194 ./Core/Src/gpio.o
 .debug_frame   0x0000000000000194      0x34c ./Core/Src/main.o
 .debug_frame   0x00000000000004e0      0x108 ./Core/Src/stm32f3xx_it.o
 .debug_frame   0x00000000000005e8       0x58 ./Core/Src/system_stm32f3xx.o
 .debug_frame   0x0000000000000640      0x2fc ./Drivers/STM32F3xx_HAL_Driver/Src/stm32f3xx_ll_exti.o
 .debug_frame   0x000000000000093c      0x1c0 ./Drivers/STM32F3xx_HAL_Driver/Src/stm32f3xx_ll_gpio.o
 .debug_frame   0x0000000000000afc      0x3dc ./Drivers/STM32F3xx_HAL_Driver/Src/stm32f3xx_ll_utils.o
 .debug_frame   0x0000000000000ed8       0x2c C:/ST/STM32CubeIDE_1.13.1/STM32CubeIDE/plugins/com.st.stm32cube.ide.mcu.externaltools.gnu-tools-for-stm32.11.3.rel1.win32_1.1.0.202305231506/tools/bin/../lib/gcc/arm-none-eabi/11.3.1/../../../../arm-none-eabi/lib/thumb/v7e-m+fp/hard\libc_nano.a(libc_a-init.o)

.debug_line_str
                0x0000000000000000       0x50
 .debug_line_str
                0x0000000000000000       0x50 ./Core/Startup/startup_stm32f303k8tx.o
                                         0x68 (size before relaxing)
